Xos, Xos, Xos, Xos, Xos, Xos, Xos, Xos, Xos, Xos, Xos, Xos, Xos, Xos, Xos, Xos, Xos, Xos, Xos, Xos, Xos, Xos, Xos, Xos, Xos, Xos, Xos, Xos, Xos, Xos, Xos, Xos, Xos, Xos, Xos, Xos, Xos, Xos, Xos, Xos, Xos, Xos, Xos, Xos, Xos, Xos, Xos, Xos, Xos, Xos, Xos, Xos, Xos, Xos, Xos, Xos, Xos, Xos, Mm^Xm, Md, Xoc, Xoc
Xos, Xos, Xos, Xos, Xos, Xos, Xos, Xos, Xos, Xos, Xos, Xos, Xos, Xos, Xos, Xos, Xos, Xos, Xos, Xos, Xos, Xos, Xos, Xos, Urb, Xos, Xos, Xos, Xos, Xos, Xos, Xos, Xos, Xos, Xos, Xos, Xos, Xos, Xos, Xos, Xos, Xos, Xos, Xos, Xos, Xos, Xos, Xos, Xos, Xos, Xos, Xos, Xos, Xos, Xos, Xos, Xos, Xos, Mm^Xm, Mm^Xm, Xoc, Xoc
Xos, Xos, Xos, Xos, Xos, Xos, Xos, Xos, Urb, Xos, Urb, Xos, Xos, Xos, Xos, Xos, Xos, Xos, Xos, Xos, Urb, Xos, Urb, Urb, Urb, Urb, Urb, Xos, Xos, Xos, Xos, Xos, Xos, Xos, Xos, Xos, Urb, Xos, Xos, Xos, Xos, Xos, Urb, Xos, Urb, Xos, Xos, Xos, Urb, Urb, Urb, Urb, Urb, Urb, Urb, Xos, Xos, Xos, Xos, Mm^Xm, Mm^Xm, Xoc
Xos, Xos, Xos, Xos, Urb, Xos, Urb, Urb, Urb, Urb, Xos, Xos, Urb, Xos, Urb, Urb, Urb, Urb, Urb, Urb, Urb, Urb, Urb, Urb, Urb, Xos, Urb, Xos, Xos, Xos, Xos, Xos, Urb, Xos, Urb, Urb, Xos, Urb, Urb, Xos, Urb, Urb, Urb, Urb, Urb, Urb, Xos, Urb, Cud, Cud, Cud, Cud, Cud, Urb, Urb, Xos, Xos, Xos, Xos, Mm^Xm, Xoc, Xoc
Xos, Xos, Xos, Urb, Urb, Urb, Xos, Xos, Urb, Urb, Urb, Urb, Urb, Uu^Vu, Xos, Xos, Urb, Urb, Urb, Urb, Urb, Urb, Urb, Urb, Xos, Xos, Urb, Urb, Urb, Xos, Urb, Urb, Xos, Urb, Xos, Xos, Xos, Xos, Xos, Urb, Urb, Urb, Urb, Uu^Vu, Urb, Urb, Urb, Urb, Cud, 3 Kud, Cud, 4 Kud, Cud, Urb, Urb, Xos, Xos, Xos, Mm^Xm, Mm^Xm, Xoc, Xoc
Xos, Xos, Xos, Urb, Urb, Urb, Urb, Xos, Urb, Urb, Xos, Xos, Urb, Urb, Urb, Urb, Urb, Urb, Urb, Urb, Urb, Xos, Xos, Xos, Xos, Xos, Urb, Urb, Urb, Uu^Vu, Urb, Urb, Urb, Xos, Xos, Xos, Xos, Xos, Urb, Urb, Urb, Urb, Urb, Urb, Xos, Urb, Urb, Urb, Cud, Cud, 1 Kud, Cud, Cud, Urb, Urb, Xos, Xos, Xos, Mm^Xm, Xoc, Xoc, Xoc
Xos, Xos, Xos, Urb, Xos, Xos, Urb, Urb, Urb, Urb, Urb, Xos, Urb, Xos, Urb, Urb, Xos, Urb, Urb, Urb, Urb, Xos, Xos, Xos, Urb, Xos, Urb, Urb, Urb, Urb, Xos, Urb, Urb, Xos, Xos, Xos, Urb, Urb, Xos, Xos, Urb, Urb, Urb, Urb, Xos, Xos, Xos, Xos, Cud, Cud, Cud, Cud, Cud, Urb, Xos, Xos, Xos, Xos, Mm^Xm, Xoc, Xoc, Xoc
Xos, Xos, Xos, Xos, Xos, Urb, Xos, Xos, Urb, Urb, Urb, Urb, Urb, Urb, Urb, Urb, Urb, Urb, Urb, Urb, Xos, Xos, Urb, Urb, Urb, Urb, Xos, Urb, Xos, Urb, Urb, Urb, Urb, Urb, Urb, Xos, Urb, Xos, Xos, Xos, Xos, Urb, Xos, Xos, Xos, Xos, Xos, Xos, Cud, 2 Kud, Cud, 5 Kud, Cud, Urb, Xos, Xos, Xos, Xos, Xos, Mm^Xm, Xoc, Xoc
Xos, Xos, Xos, Xos, Xos, Urb, Urb, Xos, Urb, Urb, Urb, Urb, Urb, Urb, Urb, Urb, Urb, Urb, Xos, Xos, Xos, Xos, Urb, Urb, Urb, Xos, Xos, Xos, Xos, Xos, Xos, Xos, Urb, Urb, Urb, Xos, Urb, Xos, Xos, Xos, Xos, Xos, Xos, Xos, Urb, Xos, Urb, Xos, Urb, Cud, Urb, Cud, Urb, Xos, Xos, Xos, Xos, Xos, Xos, Mm^Xm, Xoc, Xoc
Xos, Xos, Xos, Xos, Xos, Urb, Urb, Urb, Uu^Vu, Urb, Urb, Urb, Xos, Urb, Urb, Urb, Uu^Vu, Xos, Urb, Xos, Urb, Xos, Xos, Urb, Urb, Urb, Urb, Urb, Urb, Xos, Xos, Xos, Xos, Urb, Urb, Urb, Urb, Xos, Xos, Xos, Xos, Xos, Urb, Urb, Urb, Urb, Urb, Urb, Urb, Urb, Urb, Urb, Urb, Xos, Xos, Xos, Xos, Xos, Xos, Mm^Xm, Xoc, Xoc
Xos, Xos, Xos, Xos, Xos, Xos, Xos, Urb, Urb, Urb, Xos, Xos, Urb, Urb, Xos, Urb, Xos, Urb, Urb, Urb, Urb, Urb, Urb, Xos, Xos, Urb, Xos, Urb, Urb, Xos, Xos, Xos, Urb, Urb, Urb, Urb, Urb, Urb, Xos, Xos, Xos, Xos, Xos, Urb, Urb, Urb, Urb, Urb, Urb, Urb, Urb, Urb, Urb, Xos, Xos, Xos, Xos, Xos, Xos, Mm^Xm, Xoc, Xoc
Xos, Xos, Xos, Xos, Xos, Xos, Xos, Urb, Urb, Xos, Xos, Xos, Xos, Xos, Urb, Xos, Urb, Urb, Urb, Urb, Urb, Uu^Vu, Xos, Urb, Urb, Xos, Xos, Xos, Urb, Xos, Urb, Urb, Xos, Urb, Urb, Urb, Urb, Urb, Xos, Xos, Xos, Xos, Xos, Xos, Xos, Uu^Vu, Urb, Urb, Urb, Urb, Urb, Urb, Urb, Xos, Xos, Xos, Xos, Xos, Xos, Mm^Xm, Xoc, Xoc
Xos, Xos, Xos, Xos, Xos, Urb, Urb, Urb, Urb, Urb, Urb, Urb, Urb, Urb, Urb, Urb, Cud, Cud, Cud, Xos, Xos, Xos, Urb, Xos, Urb, Urb, Urb, Urb, Urb, Urb, Xos, Urb, Xos, Xos, Urb, Urb, Xos, Xos, Xos, Xos, Xos, Xos, Xos, Xos, Xos, Xos, Xos, Urb, Xos, Urb, Xos, Xos, Urb, Xos, Urb, Xos, Xos, Xos, Xos, Mm^Xm, Xoc, Xoc
Xos, Xos, Xos, Xos, Xos, Urb, Urb, Urb, Xos, Urb, Xos, Urb, Urb, Urb, Cud, Cud, 6 Kud, Cud, Cud, Cud, Xos, Urb, Urb, Urb, Urb, Urb, Urb, Urb, Xos, Xos, Xos, Xos, Xos, Xos, Urb, Urb, Urb, Xos, Xos, Xos, Xos, Xos, Xos, Xos, Xos, Xos, Xos, Xos, Xos, Xos, Xos, Xos, Urb, Urb, Urb, Xos, Xos, Xos, Xos, Mm^Xm, Xoc, Xoc
Xos, Xos, Xos, Xos, Xos, Urb, Urb, Urb, Urb, Urb, Urb, Xos, Xos, Xos, Urb, Cud, Cud, Cud, Urb, Urb, Urb, Urb, Urb, Urb, Urb, Urb, Urb, Urb, Urb, Xos, Xos, Xos, Xos, Xos, Urb, Urb, Urb, Urb, Urb, Xos, Xos, Xos, Xos, Xos, Xos, Xos, Xos, Xos, Xos, Xos, Xos, Xos, Urb, Xos, Urb, Xos, Xos, Xos, Mm^Xm, Mm^Xm, Xoc, Xoc
Xos, Xos, Xos, Xos, Urb, Urb, Urb, Urb, Xos, Urb, Xos, Urb, Xos, Urb, Urb, Urb, Xos, Urb, Urb, Urb, Urb, Urb, Urb, Urb, Urb, Urb, Urb, Urb, Uu^Vu, Urb, Xos, Xos, Urb, Urb, Urb, Urb, Urb, Urb, Urb, Urb, Urb, Urb, Urb, Xos, Xos, Xos, Urb, Xos, Xos, Xos, Xos, Urb, Urb, Urb, Xos, Xos, Xos, Xos, Mm^Xm, Xoc, Xoc, Xoc
Xos, Xos, Xos, Xos, Urb, Urb, Urb, Urb, Urb, Xos, Urb, Urb, Urb, Urb, Urb, Urb, Urb, Urb, Urb, Urb, Urb, Urb, Urb, Urb, Urb, Xos, Urb, Urb, Urb, Urb, Urb, Urb, Urb, Xos, Xos, Xos, Xos, Urb, Urb, Urb, Urb, Urb, Urb, Urb, Urb, Urb, Urb, Xos, Xos, Xos, Urb, Urb, Urb, Urb, Xos, Xos, Xos, Mm^Xm, Xoc, Xoc, Xoc, Xoc
Xos, Xos, Xos, Xos, Xos, Urb, Uu^Vu, Urb, Urb, Urb, Urb, Urb, Urb, Urb, Xos, Urb, Urb, Urb, Uu^Vu, Urb, Xos, Xos, Xos, Xos, Xos, Urb, Urb, Urb, Urb, Urb, Xos, Urb, Urb, Urb, Urb, Xos, Xos, Urb, Urb, Urb, Urb, Urb, Uu^Vu, Urb, Urb, Urb, Urb, Xos, Urb, Urb, Xos, Uu^Vu, Xos, Xos, Xos, Xos, Mm^Xm, Mm^Xm, Xoc, Xoc, Xoc, Xoc
Xos, Xos, Xos, Xos, Urb, Urb, Urb, Urb, Urb, Urb, Xos, Urb, Xos, Urb, Urb, Xos, Urb, Urb, Xos, Xos, Xos, Xos, Xos, Xos, Xos, Xos, Xos, Xos, Xos, Xos, Xos, Xos, Xos, Urb, Xos, Xos, Xos, Xos, Urb, Urb, Urb, Urb, Urb, Urb, Xos, Xos, Xos, Urb, Urb, Xos, Xos, Xos, Xos, Xos, Xos, Xos, Mm^Xm, Xoc, Xoc, Xoc, Xoc, Xoc
Xos, Xos, Xos, Xos, Xos, Xos, Xos, Urb, Xos, Urb, Urb, Urb, Urb, Urb, Urb, Urb, Xos, Xos, Xos, Xos, Xos, Xos, Xos, Xos, Xos, Xos, Xos, Xos, Xos, Xos, Xos, Xos, Xos, Xos, Xos, Xos, Xos, Xos, Xos, Urb, Urb, Urb, Urb, Urb, Urb, Xos, Xos, Urb, Urb, Xos, Xos, Xos, Xos, Xos, Xos, Xos, Xos, Mm^Xm, Xoc, Xoc, Xoc, Xoc
Xos, Xos, Xos, Xos, Xos, Xos, Xos, Xos, Urb, Urb, Urb, Urb, Xos, Xos, Xos, Xos, Xos, Xos, Xos, Xos, Xos, Xos, Xos, Xos, Xos, Xos, Xos, Xos, Xos, Xos, Mm^Xm, Mm^Xm, Mm^Xm, Mm^Xm, Mm^Xm, Xos, Xos, Xos, Xos, Xos, Xos, Urb, Xos, Urb, Urb, Urb, Urb, Urb, Urb, Xos, Xos, Xos, Xos, Xos, Xos, Xos, Xos, Mm^Xm, Xoc, Xoc, Xoc, Xoc
Mm^Xm, Mm^Xm, Mm^Xm, Mm^Xm, Mm^Xm, Xos, Xos, Xos, Xos, Urb, Urb, Urb, Urb, Xos, Xos, Xos, Xos, Xos, Xos, Xos, Xos, Xos, Xos, Xos, Xos, Xos, Xos, Mm^Xm, Mm^Xm, Mm^Xm, Md, Md, Md, Qlf, Mv, Mm^Xm, Mm^Xm, Xos, Xos, Xos, Xos, Xos, Xos, Xos, Xos, Xos, Xos, Xos, Xos, Xos, Xos, Xos, Xos, Xos, Xos, Xos, Xos, Mm^Xm, Xoc, Xoc, Xoc, Xoc
Md, Md, Md, Mm^Xm, Md, Mm^Xm, Mm^Xm, Xos, Urb, Urb, Urb, Urb, Urb, Xos, Xos, Xos, Xos, Xos, Xos, Xos, Xos, Xos, Xos, Xos, Xos, Xos, Mm^Xm, Mm^Xm, Md, Md, Hhd, Hhd, Hhd, Qlf, Hhd, Md, Md, Mm^Xm, Mm^Xm, Xos, Xos, Xos, Xos, Xos, Xos, Xos, Xos, Xos, Xos, Xos, Xos, Xos, Xos, Xos, Xos, Xos, Xos, Mm^Xm, Xoc, Xoc, Xoc, Xoc
Uu, Md, Md, Md, Md, Md, Md, Xos, Xos, Urb, Urb, Urb, Urb, Xos, Xos, Xos, Mm^Xm, Xos, Mm^Xm, Xos, Mm^Xm, Mm^Xm, Mm^Xm, Mm^Xm, Mm^Xm, Mm^Xm, Md, Md, Md, Hhd, Hhd, Hhd, Hhd, Qlf, Hhd, Md, Md, Md, Md, Mm^Xm, Mm^Xm, Xos, Xos, Xos, Xos, Xos, Xos, Xos, Xos, Xos, Mm^Xm, Xos, Mm^Xm, Mm^Xm, Mm^Xm, Xos, Xos, Mm^Xm, Xoc, Xoc, Xoc, Xoc
Ur, Uu, Uu, Md, Uu, Md, Qlf, Uu, Ur, Ur, Ur, Urb, Ur, Ur, Ur, Md, Md, Md, Md, Mm^Xm, Md, Md, Md, Md, Md, Md, Md, Md, Hhd, Hhd, Uu, Uu, Uu, Qlf, Uu, Hhd, Hhd, Hhd, Hhd, Md, Md, Mm^Xm, Mm^Xm, Mm^Xm, Mm^Xm, Mm^Xm, Mm^Xm, Mm^Xm, Mm^Xm, Mm^Xm, Md, Mm^Xm, Md, Mm^Xm, Mm^Xm, Xos, Xos, Mm^Xm, Xoc, Xoc, Xoc, Xoc
Ur, Uu, Ur, Uu, Uu, Uu, Qlf, Ur, Ur, Ur, Ur, Ur, Ur, Ur, Uu, Uu, Uu, Hhd, Hhd, Md, Hhd, Hhd, Hhd, Hhd, Hhd, Hhd, Hhd, Hhd, Hhd, Uu, Uu, Uu, Ur, Qlf, Uu, Uu, Uu, Uu, Hhd, Hhd, Hhd, Md, Md, Md, Md, Md, Md, Md, Md, Md, Md, Md, Md, Mm^Xm, Md, Mm^Xm, Mm^Xm, Mm^Xm, Xoc, Xoc, Xoc, Xoc
Ur, Ur, Ur, Ur, Ur, Ur, Qlf, Ur, Ur, Ur, Ur, Ur, Ur, Ur, Ur, Uu, Uu, Uu, Uu, Hhd, Uu, Hhd, Uu, Hhd, Uu, Uu, Uu, Uu, Uu, Uu, Uu, Ur, Ur, Qlf, Ur, Ur, Ur, Uu, Uu, Hhd, Uu, Hhd, Hhd, Hhd, Hhd, Md, Md, Md, Md, Md, Md, Md, Md, Md, Md, Md, Mm^Xm, Xoc, Xoc, Xoc, Xoc, Xoc
Ur, Ur, Ur, Ur, Ur, Qlf, Qlf, Ur, Ur, Ur, Ur, Ur, Ur, Ur, Ur, Ur, Ur, Uu, Uu, Uu, Uu, Uu, Uu, Uu, Uu, Uu, Uu, Uu, Ur, Ur, Ur, Ur, Uu^Vu, Qlf, Ur, Ur, Ur, Ur, Ur, Uu, Uu, Uu, Uu, Uu, Hhd, Hhd, Md, Md, Hhd, Hhd, Hhd, Md, Md, Md, Hhd, Md, Md, Mm^Xm, Mm^Xm, Xoc, Xoc, Xoc
Ur, Ur, Ur, Ur, Qlf, Qlf^Bsb\, Ur, Ur, Ur, Ur, Ur, Ur, Ur, Ur, Ur, Ur, Ur, Ur, Uu, Uu, Uu, Uu, Uu^Vu, Uu, Uh, Uu, Uu, Ur, Ur, Ur, Ur, Ur, Ur, Qlf, Ur, Ur, Uu, Ur, Uu, Uu, Uu, Uu, Uu, Uu, Uu, Hhd, Hhd, Hhd, Hhd, Hhd, Hhd, Hhd, Hhd, Hhd, Hhd, Hhd, Md, Md, Mm^Xm, Xoc, Xoc, Xoc
Qlf, Qlf, Qlf, Qlf, Ur, Ur, Ur, Ur, Ur, Ur, Ur, Ur, Ur, Ur, Ur, Ur, Ur, Ur, Uu, Uu, Uu, Uu, Uh, Uh, Uh, Uh, Uu, Uu, Ur, Ur, Ur, Ur, Qlf^Bsb\, Qlf, Uu, Uu, Uu, Uu, Uu, Uu, Uh, Uu, Uu, Uu, Uu, Uu, Uu, Uu, Uu, Uu, Qlf, Hhd, Qlf, Mv, Hhd, Md, Md, Md, Mm^Xm, Mm^Xm, Xoc, Xoc
Ur, Qlf, Ur, Ur, Ur, Ur, Ur, Ur, Uu, Ur, Ur, Uu^Vu, Ur, Ur, Ur, Ur, Uu, Uu, Uu, Uu, Uh, Uh, Uh, Hhd, Hhd, Uh, Uu, Uu, Uu, Ur, Ur, Ur, Qlf, Uu, Uu, Uu, Uh, Uh, Uh, Uh, Hhd, Uh, Uu, Uu, Ur, Uu, Uu, Uu, Qlf^Bsb\, Qlf, Qlf, Qlf, Hhd, Hhd, Md, Md, Mm^Xm, Mm^Xm, Xoc, Xoc, Xoc, Xoc
Ur, Ur, Ur, Ur, Ur, Ur, Uh, Uh, Hhd, Uu, Uu, Ur, Ur, Ur, Ur, Ur, Uu, Uu, Uu, Uh, Hhd, Uh, Hhd, Hhd, Md, Hhd, Uh, Uu, Uu, Uu, Uu, Qlf, Qlf, Uu, Uu, Uu, Uh, Hhd, Hhd, Hhd, Md, Hhd, Hhd, Uh, Uh, Ur, Ur, Uu, Qlf, Uu, Hhd, Hhd, Hhd, Md, Md, Md, Mm^Xm, Xoc, Xoc, Xoc, Xoc, Xoc
Ur, Ur, Ur, Ur, Uh, Hhd, Hhd, Hhd, Uh, Uu, Uu, Ur, Ur, Ur, Ur, Ur, Uu, Uu, Uu, Uh, Uh, Hhd, Md, Md, Md, Hhd, Uh, Uh, Uu, Uu, Uu, Qlf, Uu, Uu, Uh, Uh, Uh, Hhd, Md, Md, Md, Hhd, Hhd, Uh, Uh, Ur, Ur, Qlf, Uu, Uu, Hhd, Hhd, Md, Md, Md, Mm^Xm, Xoc, Xoc, Xoc, Xoc, Xoc, Xoc
Ur, Ur, Uu, Uu, Uh, Md, Uh, Uh, Uu, Uu, Ur, Ur, Ur, Ur, Ur, Ur, Ur, Uu, Uu, Uh, Uh, Hhd, Hhd, Hhd, Hhd, Hhd, Uh, Uu, Uu, Uu, Ur, Qlf, Uu, Uu, Uh, Uh, Uh, Hhd, Md, Md, Hhd, Md, Hhd, Uh, Uh, Uh, Ur, Qlf, Uu, Uu, Hhd, Md, Md, Md, Md, Mm^Xm, Xoc, Xoc, Xoc, Xoc, Xoc, Xoc
Ur, Ur, Uu, Uu, Uu, Uh, Uu, Uu, Ur, Ur, Ur, Ur, Ur, Ur, Ur, Ur, Uu, Uu, Uu, Uh, Uh, Uh, Uh, Hhd, Uh, Hhd, Uh, Uh, Uu, Uu, Ur, Qlf, Ur, Uu, Uu, Uh, Uh, Hhd, Hhd, Hhd, Hhd, Hhd, Uh, Uh, Ur, Ur, Ur, Qlf, Uu, Uu, Hhd, Hhd, Md, Md, Md, Mm^Xm, Xoc, Xoc, Xoc, Xoc, Xoc, Xoc
Ur, Ur, Ur, Uu, Uu, Uu, Ur, Ur, Ur, Ur, Ur, Ur, Ur, Ur, Ur, Uu, Uu, Uu, Uu, Uu, Uu, Uh, Uh, Uh, Uh, Uh, Uu, Uu, Uu, Uu, Ur, Qlf, Ur, Ur, Uu, Uu, Uu, Uh, Uh, Uh, Uh, Uh, Uh, Uh, Ur, Ur, Ur, Qlf, Qlf, Hhd, Hhd, Md, Md, Md, Md, Mm^Xm, Mv, Xoc, Xoc, Xoc, Xoc, Xoc
Ur, Ur, Ur, Uu, Uu, Uu, Ur, Qlf, Qlf, Qlf, Qlf, Ur, Ur, Ur, Ur, Ur, Uu, Uu, Uu, Uu, Uu, Uu, Uu, Uu, Uu, Uu, Uu, Uu, Uu, Uu, Qlf, Qlf, Qlf, Ur, Ur, Uu, Ur, Uu, Uu, Uh, Uu, Ur, Uu^Vu, Ur, Ur, Ur, Ur, Qlf, Qlf, Hhd, Hhd, Md, Md, Md, Md, Mm^Xm, Xoc, Xoc, Xoc, Xoc, Xoc, Xoc
Ur, Ur, Ur, Ur, Ur, Ur, Uu, Uu^Vu, Ur, Ur, Ur, Qlf^Bsb/, Qlf, Qlf, Ur, Ur, Ur, Uu, Uu, Uu, Uu, Uu^Vu, Uu, Uu, Uu, Uu, Uu, Uu, Ur, Ur, Qlf, Ur, Ur, Qlf^Bsb/, Qlf, Ur, Qlf, Ur, Qlf, Ur, Ur, Ur, Qlf, Ur, Qlf, Qlf, Qlf, Qlf^Bsb\, Uu, Hhd, Hhd, Md, Md, Md, Md, Mm^Xm, Xoc, Xoc, Xoc, Xoc, Xoc, Xoc
Ur, Ur, Qlf, Qlf, Ur, Uu, Uu, Uu, Uu, Ur, Ur, Ur, Ur, Qlf, Qlf, Ur, Ur, Ur, Ur, Uu, Uu, Uu, Uu, Uu, Ur, Uu, Uu, Uu, Ur, Ur, Qlf^Bsb\, Ur, Ur, Ur, Ur, Qlf, Ur, Qlf, Ur, Qlf, Qlf, Qlf, Qlf, Qlf, Qlf, Qlf, Qlf, Ur, Uu, Hhd, Hhd, Md, Md, Md, Md, Mm^Xm, Xoc, Xoc, Xoc, Xoc, Xoc, Xoc
Ur, Ur, Qlf, Ur, Ur, Uu, Uu, Uu, Uh, Uu, Uu, Ur, Ur, Ur, Ur, Qlf, Qlf, Ur, Ur, Ur, Ur, Ur, Ur, Ur, Ur, Ur, Ur, Ur, Qlf, Qlf, Ur, Ur, Uu, Uu, Uu, Uu, Uu, Uu, Uh, Uu, Uu, Ur, Ur, Ur, Ur, Qlf, Uu, Uu, Hhd, Hhd, Hhd, Md, Md, Md, Mm^Xm, Mm^Xm, Xoc, Xoc, Xoc, Xoc, Xoc, Xoc
Qlf, Qlf, Ur, Ur, Ur, Uu, Uu, Uh, Hhd, Uh, Uh, Uu, Ur, Ur, Ur, Ur, Ur, Qlf, Qlf, Ur, Ur, Ur, Ur, Ur, Ur, Ur, Uu^Vu, Qlf, Qlf, Ur, Uu, Uu, Uu, Uu, Uh, Uu, Hhd, Uh, Uh, Uh, Uh, Uu, Uu, Uu^Vu, Ur, Ur, Uu, Hhd, Hhd, Hhd, Hhd, Md, Md, Md, Mm^Xm, Xoc, Xoc, Xoc, Xoc, Xoc, Xoc, Xoc
Ur, Ur, Ur, Ur, Ur, Ur, Qlf, Uh, Uh, Md, Uh, Uu, Ur, Ur, Uu^Vu, Ur, Ur, Ur, Ur, Qlf, Qlf, Qlf, Qlf, Ur, Qlf, Ur, Qlf, Qlf, Ur, Ur, Uu, Uu, Uu, Uh, Uh, Uh, Hhd, Md, Hhd, Hhd, Hhd, Uh, Uu, Uu, Uu, Ur, Uu, Hhd, Hhd, Hhd, Md, Md, Md, Md, Mm^Xm, Xoc, Xoc, Xoc, Xoc, Xoc, Xoc, Xoc
Ur, Ur, Ur, Ur, Ur, Qlf, Qlf, Uu, Uu, Uh, Uu, Uu, Ur, Ur, Ur, Ur, Ur, Ur, Qlf, Qlf, Ur, Qlf, Ur, Qlf^Bsb|, Ur, Qlf, Qlf, Ur, Ur, Ur, Uu, Uu, Uu, Uh, Uh, Uh, Uh, Hhd, Uh, Uh, Uh, Uh, Uu, Uu, Uu, Uu, Uu, Hhd, Hhd, Hhd, Hhd, Md, Md, Md, Mm^Xm, Xoc, Xoc, Xoc, Xoc, Xoc, Xoc, Xoc
Ur, Ur, Ur, Ur, Ur, Ur, Qlf, Ur, Ur, Uu, Ur, Ur, Ur, Ur, Ur, Ur, Ur, Qlf, Qlf, Ur, Ur, Ur, Uu, Ur, Ur, Ur, Qlf, Qlf, Ur, Ur, Ur, Uu, Uu, Uu, Uu, Uu, Uu, Uh, Uu, Uh, Uu, Uu, Uu, Uu, Uu, Uu, Uu, Hhd, Hhd, Hhd, Hhd, Md, Md, Md, Md, Mm^Xm, Xoc, Xoc, Xoc, Xoc, Xoc, Xoc
Uu, Uu^Vu, Uu, Uu, Uu, Ur, Ur, Qlf, Qlf, Ur, Ur, Ur, Ur, Ur, Qlf, Ur, Qlf, Qlf, Ur, Ur, Uu, Uu, Uh, Uu, Uu^Vu, Ur, Ur, Qlf, Qlf, Ur, Ur, Uu^Vu, Ur, Ur, Ur, Uu, Qlf, Qlf, Ur, Ur, Ur, Uu, Ur, Ur, Ur, Uu, Uu, Hhd, Hhd, Hhd, Hhd, Md, Md, Md, Md, Mm^Xm, Xoc, Xoc, Xoc, Xoc, Xoc, Xoc
Uu, Uu, Uu, Uu, Uu, Ur, Ur, Ur, Ur, Qlf, Qlf, Qlf, Qlf^Bsb|, Qlf, Ur, Qlf, Ur, Ur, Ur, Ur, Uu, Uh, Hhd, Uh, Uu, Uu, Ur, Ur, Qlf, Ur, Ur, Ur, Ur, Ur, Ur, Ur, Ur, Qlf, Qlf, Ur, Ur, Ur, Ur, Ur, Qlf, Ur, Qlf, Hhd, Hhd, Hhd, Hhd, Md, Md, Md, Md, Mm^Xm, Xoc, Xoc, Xoc, Xoc, Xoc, Xoc
Uu, Uu, Uu, Uu, Uh, Uh, Uh, Ur, Uu, Ur, Uu, Uu, Uu, Ur, Ur, Ur, Ur, Ur, Ur, Ur, Uu, Uh, Uh, Uh, Uu, Uu, Ur, Ur, Qlf, Qlf, Qlf, Ur, Qlf, Qlf, Qlf, Qlf, Qlf, Qlf, Qlf, Qlf, Qlf, Qlf, Qlf, Qlf^Bsb\, Ur, Qlf, Uu, Hhd, Hhd, Hhd, Md, Md, Md, Md, Mm^Xm, Mm^Xm, Xoc, Xoc, Xoc, Xoc, Xoc, Xoc
Uu, Uu, Uu, Uh, Uh, Hhd, Md, Uh, Md, Uh, Hhd, Uh, Uh, Uu, Uu, Ur, Ur, Ur, Ur, Ur, Ur, Uu, Uu, Uu, Ur, Ur, Qlf, Qlf, Qlf, Qlf, Ur, Qlf^Bsb|, Ur, Qlf, Ur, Qlf, Qlf, Qlf, Qlf, Qlf, Qlf, Qlf, Ur, Ur, Uu, Uu, Hhd, Hhd, Hhd, Hhd, Md, Md, Md, Md, Mm^Xm, Xoc, Xoc, Xoc, Xoc, Xoc, Xoc, Xoc
Uu, Uu, Qlf, Uh, Uh, Hhd, Hhd, Md, Mv, Hhd, Hhd, Uh, Uh, Uh, Uu, Uu, Uu, Ur, Ur, Ur, Ur, Ur, Ur, Ur, Qlf, Qlf, Qlf, Qlf, Qlf, Ur, Ur, Ur, Uu, Uu, Uu, Uu, Uh, Qlf, Uu, Uu, Uu, Ur, Uu^Vu, Ur, Uu, Uu, Hhd, Hhd, Hhd, Md, Md, Md, Md, Md, Mm^Xm, Xoc, Xoc, Xoc, Xoc, Xoc, Xoc, Xoc
Ur, Uu, Qlf, Uu, Uu, Uh, Uh, Qlf, Uh, Hhd, Uh, Uh, Uh, Uh, Uu, Uu, Uu, Ur, Ur, Ur, Ur, Qlf, Qlf, Qlf, Qlf, Qlf, Qlf, Qlf, Ur, Ur, Ur, Uu, Uu, Uu, Uh, Uh, Uh, Uh, Uh, Uu, Uu, Uu, Uu, Ur, Uu, Hhd, Hhd, Hhd, Hhd, Md, Md, Md, Md, Md, Mm^Xm, Xoc, Xoc, Xoc, Xoc, Xoc, Xoc, Xoc
Ur, Ur, Qlf, Ur, Uu, Uu, Uu, Qlf, Uu, Uu, Uu, Uu, Uu, Uu, Uu, Uu, Uu^Vu, Ur, Ur, Ur, Qlf, Qlf^Bsb\, Qlf^Bsb\, Qlf, Qlf, Qlf, Ur, Ur, Ur, Ur, Uu, Uu, Uu, Uh, Uh, Uh, Uh, Uh, Uh, Uh, Uu, Uu, Uu, Uu, Uu, Hhd, Hhd, Hhd, Hhd, Md, Md, Md, Md, Md, Md, Mm^Xm, Xoc, Xoc, Xoc, Xoc, Xoc, Xoc
Ur, Ur, Qlf, Ur, Ur, Uu, Ur, Qlf, Ur, Ur, Ur, Ur, Ur, Ur, Ur, Ur, Ur, Ur, Ur, Qlf, Qlf, Qlf, Qlf, Ur, Ur, Ur, Ur, Ur, Uu^Vu, Uu, Uu, Uu, Uu, Uh, Uh, Uh, Uh, Uh, Uh, Uh, Uu, Uu, Uu, Uu, Uu, Hhd, Hhd, Hhd, Hhd, Hhd, Hhd, Md, Md, Md, Md, Mm^Xm, Mm^Xm, Xoc, Xoc, Xoc, Xoc, Xoc
Ur, Ur, Qlf, Ur, Ur, Ur, Ur, Qlf, Qlf, Ur, Ur, Ur, Ur, Ur, Ur, Ur, Qlf, Ur, Qlf, Qlf, Qlf, Qlf, Qlf, Ur, Ur, Ur, Ur, Ur, Ur, Uu, Uu, Uu, Uu, Uu, Uu, Uh, Uh, Uh, Uu, Uu, Uu, Uu, Ur, Ur, Ur, Uu, Uu, Hhd, Hhd, Hhd, Hhd, Md, Md, Md, Md, Md, Mm^Xm, Xoc, Xoc, Xoc, Xoc, Xoc
Ur, Ur, Qlf, Ur, Ur, Ur, Uu, Ur, Ur, Qlf^Bsb/, Qlf, Qlf, Qlf, Qlf, Qlf, Qlf, Qlf, Qlf, Ur, Qlf, Qlf, Qlf, Qlf, Ur, Ur, Ur, Ur, Ur, Ur, Uu, Uu, Uu, Ur, Uu, Uu, Uu, Uu, Uu, Ur, Uu, Ur, Ur, Qlf, Qlf, Uu, Uu, Hhd, Hhd, Hhd, Hhd, Md, Md, Md, Md, Md, Md, Mm^Xm, Xoc, Xoc, Xoc, Xoc, Xoc
Qlf, Qlf, Ur, Ur, Uu, Uu, Uu, Uu, Uu, Uu, Uu, Qlf, Qlf, Qlf, Ur, Ur, Ur, Ur, Ur, Qlf, Qlf, Qlf, Qlf, Qlf, Qlf, Ur, Qlf, Ur, Qlf, Ur, Ur, Ur, Ur, Ur, Ur, Uu, Ur, Ur, Ur, Ur, Qlf, Qlf, Ur, Ur, Uu, Uu, Hhd, Hhd, Hhd, Md, Md, Md, Md, Md, Md, Mm^Xm, Xoc, Xoc, Xoc, Xoc, Xoc, Xoc
Ur, Ur, Ur, Ur, Uu, Uu, Uu, Uu, Md, Uh, Md, Uu, Uu, Uu, Ur, Ur, Ur, Ur, Qlf, Qlf, Qlf, Qlf, Cud, Cud, Cud, Qlf, Ur, Qlf^Bsb|, Qlf, Qlf, Qlf, Ur, Ur, Ur, Ur, Ur, Ur, Ur, Qlf, Qlf^Bsb\, Ur, Ur, Ur, Uu, Uu, Uu, Hhd, Hhd, Md, Md, Md, Md, Md, Md, Mm^Xm, Mm^Xm, Xoc, Xoc, Xoc, Xoc, Xoc, Xoc
Ur, Ur, Ur, Ur, Uu, Uu, Hhd, Md, Md, Md, Uh, Uu, Uu, Uu, Uu, Ur, Ur, Ur, Qlf, Qlf, Qlf, Cud, Cud, 7 Kud, Cud, Cud, Ur, Ur, Ur, Ur, Ur, Qlf, Qlf, Qlf, Qlf, Ur, Ur, Ur, Qlf, Qlf, Ur, Ur, Ur, Uu, Uu, Hhd, Hhd, Hhd, Md, Md, Md, Md, Md, Md, Mm^Xm, Xoc, Xoc, Xoc, Xoc, Xoc, Xoc, Xoc
Ur, Ur, Ur, Uu^Vu, Uu, Uu, Uh, Hhd, Hhd, Uh, Uh, Uu, Uu, Uu, Uu, Ur, Qlf, Qlf^Bsb\, Qlf^Bsb\, Qlf, Ur, Cud, Uu, Cud, Uu, Ur, Uu, Ur, Uu, Ur, Ur, Ur, Ur, Ur, Ur, Qlf, Qlf, Qlf, Ur, Ur, Uu^Vu, Ur, Ur, Uu, Uu, Hhd, Hhd, Hhd, Md, Md, Md, Md, Md, Md, Mm^Xm, Xoc, Xoc, Xoc, Xoc, Xoc, Xoc, Xoc
Ur, Ur, Ur, Ur, Ur, Uu, Uu, Uh, Uu, Uh, Uu, Uu, Uu, Uu, Ur, Ur, Qlf, Qlf, Qlf, Ur, Ur, Uu, Uu, Uu, Uh, Uu, Uu, Uu, Uu, Uu, Uu, Ur, Uu^Vu, Ur, Ur, Ur, Ur, Qlf^Bsb/, Qlf, Ur, Ur, Ur, Ur, Ur, Uu, Hhd, Hhd, Hhd, Hhd, Md, Md, Md, Md, Md, Mm^Xm, Mv, Xoc, Xoc, Xoc, Xoc, Xoc, Xoc
Ur, Ur, Mv, Ur, Ur, Uu, Uu, Uu, Ur, Uu, Ur, Uu, Ur, Ur, Ur, Ur, Qlf, Qlf, Ur, Ur, Ur, Uu, Uu, Uh, Uh, Uh, Md, Uh, Uh, Uu, Uu, Uu, Uu, Ur, Ur, Ur, Ur, Qlf, Qlf, Ur, Ur, Ur, Ur, Uu, Uu, Hhd, Hhd, Hhd, Hhd, Md, Md, Md, Md, Md, Mm^Xm, Xoc, Xoc, Xoc, Xoc, Xoc, Xoc, Xoc
Ur, Ur, Ur, Qlf, Ur, Ur, Ur, Ur, Ur, Ur, Ur, Ur, Ur, Ur, Ur, Ur, Qlf, Qlf, Ur, Ur, Ur, Uu, Uu, Uh, Uh, Md, Md, Md, Hhd, Uu, Uu, Uu, Uu, Ur, Ur, Ur, Ur, Qlf, Qlf, Ur, Ur, Ur, Ur, Uu, Uu, Hhd, Hhd, Hhd, Hhd, Hhd, Md, Md, Md, Md, Mm^Xm, Xoc, Xoc, Xoc, Xoc, Xoc, Xoc, Xoc
Uu, Ur, Ur, Qlf, Qlf, Ur, Ur, Ur, Ur, Ur, Ur, Ur, Ur, Ur, Qlf, Qlf, Qlf, Qlf, Qlf, Ur, Ur, Uu, Uu, Uu, Uu, Uu, Uh, Hhd, Hhd, Uh, Uh, Uu, Uu, Ur, Ur, Ur, Ur, Qlf, Qlf, Ur, Ur, Ur, Ur, Uu, Uu, Uu, Uu, Hhd, Hhd, Hhd, Hhd, Md, Md, Md, Mm^Xm, Xoc, Xoc, Xoc, Xoc, Xoc, Xoc, Xoc
Uu, Uu, Ur, Ur, Ur, Qlf, Ur, Ur, Ur, Ur, Uu^Vu, Ur, Qlf, Qlf^Bsb\, Ur, Ur, Ur, Qlf, Qlf, Qlf, Ur, Ur, Ur, Uu, Uu, Uu, Uu, Uh, Uh, Uh, Uh, Uu, Uu, Uu, Ur, Ur, Qlf, Qlf, Ur, Ur, Ur, Ur, Uu, Ur, Uu, Uu, Uu, Hhd, Hhd, Hhd, Hhd, Md, Md, Md, Md, Mm^Xm, Xoc, Xoc, Xoc, Xoc, Xoc, Xoc
Uu, Uu, Uu, Ur, Ur, Qlf, Ur, Ur, Ur, Ur, Uu, Ur, Qlf, Qlf, Uu, Uu, Uu, Qlf, Qlf, Qlf, Qlf, Ur, Ur, Ur, Uu^Vu, Uu, Ur, Uu, Uu, Uh, Uu, Uu, Uu, Uu, Ur, Qlf, Qlf, Ur, Ur, Ur, Ur, Ur, Uu, Uu, Uu, Uu, Hhd, Hhd, Hhd, Hhd, Md, Md, Md, Md, Mm^Xm, Mm^Xm, Xoc, Xoc, Xoc, Xoc, Xoc, Xoc
Uu, Uu, Uu, Ur, Ur, Qlf, Ur, Ur, Uu, Uu, Uu, Uu, Qlf, Uu, Uu, Uu, Uu, Ur, Ur, Qlf, Qlf^Bsb/, Qlf^Bsb/, Ur, Ur, Ur, Ur, Ur, Ur, Ur, Uu, Ur, Uu, Uu, Uu, Qlf, Qlf, Uu, Uu, Uh, Uu, Uu, Uu, Uu, Uu, Hhd, Hhd, Hhd, Hhd, Hhd, Md, Md, Md, Md, Md, Mm^Xm, Xoc, Xoc, Xoc, Xoc, Xoc, Xoc, Xoc
Uu, Uu, Uu, Ur, Ur, Qlf, Ur, Ur, Uu, Uu, Uu, Uh, Mv, Uh, Uu, Uu, Ur, Ur, Ur, Ur, Qlf, Qlf, Qlf, Ur, Ur, Ur, Ur, Ur, Ur, Ur, Ur, Ur, Ur, Qlf^Bsb\, Uu, Uu, Uu, Uh, Md, Md, Md, Uu, Uu, Uu, Uu, Hhd, Hhd, Hhd, Hhd, Hhd, Md, Md, Md, Md, Mm^Xm, Xoc, Xoc, Xoc, Xoc, Xoc, Xoc, Xoc
Uu, Uu, Uu, Ur, Ur, Qlf, Ur, Ur, Uu, Uu, Uu, Uh, Uh, Uh, Uu, Uu, Ur, Ur, Ur, Ur, Qlf, Qlf, Qlf, Ur, Ur, Ur, Ur, Ur, Uu, Ur, Ur, Ur, Ur, Qlf, Uu, Uu^Vu, Uu, Hhd, Md, Md, Hhd, Hhd, Uh, Uu, Uu, Hhd, Hhd, Hhd, Hhd, Hhd, Md, Md, Md, Md, Ms^Xm, Xoc, Xoc, Xoc, Xoc, Xoc, Xoc, Xoc
Uu, Uu, Uu, Ur, Ur, Qlf^Bsb/, Ur, Ur, Uu, Uu, Uu, Uu, Uu, Uu, Ur, Ur, Ur, Ur, Ur, Ur, Qlf, Qlf, Qlf, Ur, Ur, Ur, Uu, Uu, Uu, Uu, Ur, Ur, Ur, Qlf, Ur, Uu, Uu, Hhd, Hhd, Hhd, Hhd, Hhd, Uh, Uu, Uu, Uu, Hhd, Hhd, Hhd, Hhd, Md, Md, Md, Mm^Xm, Ms^Xm, Xoc, Xoc, Xoc, Xoc, Xoc, Xoc, Xoc
Uu, Uu, Ur, Ur, Ur, Qlf, Ur, Ur, Ur, Uu, Ur, Ur, Ur, Ur, Ur, Ur, Qlf, Ur, Qlf, Qlf, Qlf, Qlf, Ur, Ur, Uu, Uu, Uh, Uh, Uh, Uu, Ur, Ur, Ur, Qlf, Ur, Ur, Ur, Uu, Uu, Hhd, Uu, Uh, Uu, Uu, Uu, Uu, Hhd, Hhd, Hhd, Hhd, Hhd, Md, Md, Mm^Xm, Ms^Xm, Xoc, Xoc, Xoc, Xoc, Xoc, Xoc, Xoc
Ur, Ur, Ur, Ur, Qlf, Qlf, Qlf, Ur, Qlf, Ur, Qlf, Ur, Qlf, Qlf, Qlf, Qlf, Qlf, Qlf, Qlf, Qlf, Ur, Ur, Ur, Ur, Uu, Uu, Uh, Hhd, Uh, Uu, Ur, Ur, Ur, Qlf, Qlf, Ur, Ur, Ur, Ur, Uu, Uu, Uu, Uu, Uu, Uu, Uu, Hhd, Hhd, Hhd, Hhd, Hhd, Md, Md, Mm^Xm, Ms^Xm, Xoc, Xoc, Xoc, Xoc, Xoc, Xoc, Xoc
Ur, Ur, Qlf, Ur, Qlf, Qlf, Qlf, Qlf, Qlf, Qlf^Bsb|, Qlf, Qlf, Qlf, Qlf, Qlf, Qlf, Qlf, Qlf, Qlf, Qlf, Ur, Ur, Ur, Uu, Uu, Uh, Hhd, Hhd, Uh, Uu, Ur, Ur, Ur, Ur, Ur, Qlf, Qlf, Ur, Ur, Ur, Ur, Uu, Uu, Uu, Uu, Uu, Hhd, Hhd, Md, Hhd, Md, Md, Md, Mm^Xm, Ms^Xm, Xoc, Xoc, Xoc, Xoc, Xoc, Xoc, Xoc
Ur, Qlf, Qlf, Qlf, Qlf, Qlf, Qlf, Qlf, Qlf, Qlf^Bsb|, Qlf, Qlf, Qlf, Qlf, Qlf, Qlf, Qlf, Qlf, Ur, Ur, Ur, Uu^Vu, Ur, Uu, Uu, Uh, Uh, Hhd, Uh, Uu, Ur, Ur, Ur, Ur, Ur, Ur, Ur, Qlf, Qlf^Bsb/, Ur, Ur, Uu^Vu, Ur, Uu, Uu, Uu, Hhd, Hhd, Hhd, Md, Md, Md, Md, Mm^Xm, Ms^Xm, Xoc, Xoc, Xoc, Xoc, Xoc, Xoc, Xoc
Qlf, Qlf, Qlf, Qlf, Qlf, Qlf, Qlf, Qlf, Qlf, Qlf^Bsb|, Qlf, Qlf, Qlf, Qlf, Ur, Ur, Ur, Ur, Ur, Ur, Ur, Ur, Ur, Ur, Uu, Uu, Uh, Uh, Uh, Ur, Ur, Ur, Uu^Vu, Ur, Ur, Ur, Ur, Ur, Ur, Qlf, Qlf, Ur, Ur, Uu, Uu, Hhd, Hhd, Hhd, Hhd, Hhd, Md, Md, Md, Mm^Xm, Ms^Xm, Xoc, Xoc, Xoc, Xoc, Xoc, Xoc, Xoc
Qlf, Qlf, Qlf, Qlf, Qlf, Qlf, Qlf, Qlf, Ur, Ur, Ur, Ur, Ur, Ur, Ur, Ur, Uu^Vu, Ur, Ur, Ur, Uu, Ur, Ur, Ur, Uu, Uu, Uu, Uh, Uu, Ur, Ur, Ur, Ur, Ur, Ur, Ur, Ur, Ur, Ur, Ur, Ur, Qlf, Qlf, Ur, Uu, Hhd, Hhd, Hhd, Hhd, Hhd, Md, Md, Md, Mm^Xm, Ms^Xm, Xoc, Xoc, Xoc, Xoc, Xoc, Xoc, Xoc
Qlf, Qlf, Qlf, Qlf, Qlf, Qlf, Qlf, Ur, Ur, Ur, Ur, Uu, Uu, Ur, Ur, Ur, Uu, Ur, Uu, Ur, Uu, Uu, Uu, Uu, Uu, Uu, Uu, Uu, Uu, Ur, Uu, Ur, Uu, Ur, Ur, Ur, Uu, Ur, Uu, Ur, Ur, Ur, Qlf, Ur, Uu, Uu, Hhd, Hhd, Hhd, Hhd, Md, Md, Md, Mm^Xm, Ms^Xm, Xoc, Xoc, Xoc, Xoc, Xoc, Xoc, Xoc
Qlf, Qlf, Qlf, Qlf, Cud, Cud, Cud, Ur, Ur, Ur, Hhd, Uu, Uu, Ur, Uu, Uu, Uu, Uu, Uu, Uu, Uu, Uu, Hhd, Uu, Uu, Uu, Uu, Uu, Uu, Uu, Uu, Uu, Uu, Uu, Uu, Uu, Uu, Uu, Uu, Uu, Uu, Uu, Uu, Qlf, Uu, Uu, Uu, Hhd, Hhd, Hhd, Md, Md, Md, Mm^Xm, Ms^Xm, Xoc, Xoc, Xoc, Xoc, Xoc, Xoc, Xoc
Qlf, Qlf, Hhd, Hhd, Cud, 8 Kud, Cud, Ur, Ur, Hhd, Hhd, Uu, Uu, Uu, Uu, Uu, Uu, Uu, Uu, Uu, Uu, Uu, Hhd, Hhd, Hhd, Hhd, Hhd, Hhd, Hhd, Uu, Uu, Uu, Uu, Uu, Uu, Uu, Uu, Uu, Uu, Uu, Uu, Uu, Uu, Uu, Uu, Uu, Hhd, Hhd, Hhd, Hhd, Md, Md, Md, Mm^Xm, Ms^Xm, Xoc, Xoc, Xoc, Xoc, Xoc, Xoc, Xoc
Hhd, Qlf, Hhd, Hhd, Hhd, Cud, Cud, Ur, Ur, Hhd, Hhd, Hhd, Hhd, Hhd, Hhd, Hhd, Hhd, Hhd, Hhd, Hhd, Hhd, Hhd, Hhd, Hhd, Hhd, Hhd, Md, Md, Md, Hhd, Hhd, Hhd, Hhd, Hhd, Hhd, Hhd, Hhd, Uu, Hhd, Hhd, Hhd, Hhd, Hhd, Hhd, Hhd, Hhd, Hhd, Hhd, Hhd, Md, Md, Md, Mm^Xm, Mm^Xm, Ms^Xm, Xoc, Xoc, Xoc, Xoc, Xoc, Xoc, Xoc
Hhd, Hhd, Hhd, Hhd, Hhd, Hhd, Hhd, Ur, Ur, Hhd, Hhd, Hhd, Hhd, Hhd, Hhd, Hhd, Hhd, Hhd, Md, Md, Md, Hhd, Hhd, Hhd, Md, Md, Md, Md, Md, Hhd, Hhd, Hhd, Hhd, Hhd, Hhd, Hhd, Hhd, Hhd, Hhd, Hhd, Hhd, Hhd, Hhd, Hhd, Hhd, Hhd, Md, Hhd, Hhd, Md, Md, Mm^Xm, Xos, Mm^Xm, Ms^Xm, Xoc, Xoc, Xoc, Xoc, Xoc, Xoc, Xoc
Md, Hhd, Md, Md, Hhd, Hhd, Hhd, Ur, Ur, Hhd, Md, Hhd, Hhd, Hhd, Md, Hhd, Md, Md, Md, Md, Md, Hhd, Hhd, Md, Md, Md, Md, Md, Md, Md, Md, Hhd, Hhd, Hhd, Hhd, Hhd, Md, Md, Hhd, Hhd, Md, Md, Md, Md, Md, Md, Mm^Xm, Md, Md, Md, Mm^Xm, Mm^Xm, Xos, Xos, Ms^Xm, Xoc, Xoc, Xoc, Xoc, Xoc, Xoc, Xoc
Md, Md, Md, Md, Md, Md, Md, Ur, Ur, Md, Xos, Md, Md, Md, Md, Md, Md, Md, Md, Md, Md, Md, Md, Md, Md, Md, Md, Md, Md, Md, Md, Md, Md, Hhd, Md, Hhd, Md, Md, Md, Md, Mm^Xm, Md, Mm^Xm, Mm^Xm, Mm^Xm, Mm^Xm, Xos, Mm^Xm, Mm^Xm, Mm^Xm, Xos, Xos, Xos, Xos, Xos, Xoc, Xoc, Xoc, Xoc, Xoc, Xoc, Xoc
Mm^Xm, Mm^Xm, Mm^Xm, Mm^Xm, Mm^Xm, Mm^Xm, Xos, Ur, Urb, Xos, Xos, Mm^Xm, Mm^Xm, Mm^Xm, Mm^Xm, Mm^Xm, Mm^Xm, Mm^Xm, Mm^Xm, Mm^Xm, Mm^Xm, Mm^Xm, Mm^Xm, Mm^Xm, Mm^Xm, Mm^Xm, Mm^Xm, Mm^Xm, Mm^Xm, Mm^Xm, Mm^Xm, Md, Mm^Xm, Md, Mm^Xm, Md, Mm^Xm, Md, Mm^Xm, Mm^Xm, Xos, Mm^Xm, Xos, Xos, Xos, Xos, Xos, Xos, Xos, Xos, Xos, Xos, Xos, Xos, Xos, Xoc, Xoc, Xoc, Xoc, Xoc, Xoc, Xoc
Xos, Xos, Xos, Xos, Xos, Xos, Urb, Urb, Urb, Xos, Xos, Xos, Xos, Xos, Xos, Xos, Xos, Xos, Xos, Xos, Xos, Xos, Xos, Xos, Xos, Xos, Xos, Xos, Xos, Mm^Xm, Xos, Mm^Xm, Xos, Mm^Xm, Xos, Mm^Xm, Mm^Xm, Mm^Xm, Xos, Xos, Xos, Xos, Xos, Xos, Xos, Xos, Xos, Xos, Xos, Xos, Cud, 9 Kud, Xos, Xos, Xos, Xos, Xoc, Xoc, Xoc, Xoc, Xoc, Xoc
Xos, Xos, Xos, Xos, Xos, Xos, Uu^Vu, Urb, Urb, Urb, Xos, Xos, Xos, Urb, Urb, Urb, Urb, Urb, Urb, Xos, Urb, Xos, Xos, Xos, Xos, Xos, Xos, Xos, Xos, Xos, Urb, Xos, Urb, Xos, Urb, Xos, Xos, Xos, Xos, Xos, Xos, Xos, Xos, Xos, Xos, Xos, Urb, Urb, Urb, Cud, Cud, Cud, Cud, Xos, Xos, Xos, Xoc, Xoc, Xoc, Xoc, Xoc, Xoc
Xos, Xos, Xos, Xos, Xos, Xos, Urb, Urb, Urb, Urb, Urb, Urb, Uu^Vu, Urb, Urb, Urb, Urb, Urb, Urb, Urb, Xos, Urb, Urb, Urb, Urb, Xos, Xos, Xos, Xos, Urb, Urb, Urb, Xos, Urb, Xos, Urb, Xos, Xos, Xos, Xos, Xos, Xos, Urb, Urb, Urb, Uu^Vu, Urb, Xos, Urb, Cud, Urb, Cud, Cud, Xos, Xos, Xos, Xoc, Xoc, Xoc, Xoc, Xoc, Xoc
Xos, Xos, Xos, Xos, Xos, Xos, Urb, Urb, Urb, Urb, Urb, Urb, Urb, Urb, Urb, Urb, Xos, Xos, Xos, Urb, Xos, Xos, Xos, Xos, Urb, Xos, Urb, Urb, Urb, Urb, Urb, Urb, Xos, Xos, Urb, Urb, Urb, Urb, Uu^Vu, Urb, Urb, Urb, Xos, Urb, Urb, Urb, Urb, Urb, Urb, Uu^Vu, Xos, Cud, Urb, Xos, Xos, Xos, Xoc, Xoc, Xoc, Xoc, Xoc, Xoc
Xos, Xos, Xos, Xos, Urb, Urb, Xos, Urb, Urb, Urb, Xos, Urb, Xos, Urb, Urb, Xos, Urb, Xos, Xos, Xos, Xos, Xos, Xos, Xos, Urb, Urb, Uu^Vu, Urb, Xos, Urb, Urb, Uu^Vu, Urb, Xos, Urb, Xos, Urb, Urb, Urb, Xos, Urb, Xos, Urb, Urb, Urb, Uu^Vu, Urb, Urb, Xos, Urb, Xos, Urb, Urb, Xos, Xos, Xos, Xos, Xoc, Xoc, Xoc, Xoc, Xoc
Xos, Xos, Xos, Xos, Urb, Urb, Xos, Urb, Urb, Urb, Xos, Xos, Xos, Urb, Urb, Urb, Xos, Urb, Xos, Xos, Xos, Urb, Urb, Uu^Vu, Urb, Xos, Xos, Urb, Urb, Xos, Urb, Urb, Xos, Urb, Urb, Urb, Urb, Xos, Xos, Xos, Urb, Urb, Xos, Urb, Urb, Urb, Urb, Urb, Xos, Urb, Urb, Urb, Uu^Vu, Urb, Xos, Xos, Xos, Xos, Xoc, Xoc, Xoc, Xoc
Xos, Xos, Xos, Urb, Urb, Urb, Urb, Urb, Urb, Uu^Vu, Xos, Xos, Xos, Urb, Urb, Urb, Uu^Vu, Urb, Xos, Xos, Urb, Urb, Urb, Urb, Urb, Urb, Xos, Xos, Xos, Urb, Urb, Uu^Vu, Urb, Xos, Urb, Uu^Vu, Urb, Urb, Urb, Urb, Urb, Xos, Urb, Urb, Xos, Xos, Xos, Xos, Urb, Urb, Urb, Urb, Xos, Xos, Xos, Xos, Xos, Xos, Xos, Xoc, Xoc, Xoc
Xos, Xos, Xos, Xos, Xos, Urb, Urb, Urb, Urb, Urb, Xos, Xos, Xos, Urb, Xos, Urb, Urb, Xos, Urb, Urb, Uu^Vu, Urb, Urb, Urb, Urb, Xos, Xos, Xos, Urb, Urb, Urb, Urb, Xos, Xos, Xos, Xos, Urb, Urb, Urb, Urb, Urb, Urb, Xos, Uu^Vu, Urb, Urb, Urb, Urb, Urb, Urb, Uu^Vu, Urb, Xos, Xos, Xos, Xos, Xoc, Xoc, Xoc, Xoc, Xos, Xos
Xos, Xos, Urb, Urb, Xos, Urb, Xos, Urb, Urb, Xos, Urb, Xos, Urb, Urb, Xos, Xos, Xos, Urb, Urb, Urb, Urb, Urb, Xos, Xos, Xos, Urb, Urb, Urb, Urb, Urb, Uu^Vu, Urb, Urb, Urb, Urb, Urb, Urb, Urb, Urb, Uu^Vu, Urb, Xos, Xos, Urb, Xos, Urb, Urb, Xos, Uu^Vu, Urb, Urb, Urb, Urb, Xos, Xos, Xoc, Xoc, Xoc, Xoc, Xoc, Xos, Xos
Xos, Urb, Urb, Uu^Vu, Urb, Urb, Urb, Urb, Xos, Urb, Xos, Urb, Xos, Urb, Urb, Urb, Urb, Urb, Xos, Urb, Xos, Xos, Xos, Xos, Urb, Urb, Urb, Urb, Uu^Vu, Urb, Urb, Urb, Urb, Urb, Urb, Urb, Urb, Urb, Urb, Urb, Urb, Xos, Xos, Xos, Xos, Urb, Xos, Urb, Xos, Urb, Urb, Urb, Urb, Xos, Xos, Xos, Xos, Xoc, Xos, Xos, Xoc, Xoc
Xos, Xos, Xos, Urb, Xos, Xos, Xos, Xos, Xos, Xos, Xos, Xos, Urb, Urb, Urb, Urb, Uu^Vu, Urb, Xos, Urb, Urb, Urb, Urb, Urb, Urb, Xos, Xos, Urb, Urb, Urb, Xos, Urb, Urb, Urb, Urb, Uu^Vu, Xos, Urb, Xos, Urb, Xos, Xos, Xos, Xos, Xos, Xos, Xos, Xos, Xos, Xos, Xos, Urb, Urb, Xoc, Xoc, Xoc, Xoc, Xos, Xoc, Xoc, Xos, Xos
Xos, Xos, Xos, Xos, Xos, Xos, Xos, Xos, Xos, Xos, Xos, Xos, Xos, Urb, Xos, Xos, Xos, Xos, Xos, Xos, Xos, Urb, Xos, Xos, Xos, Xos, Xos, Xos, Xos, Xos, Xos, Xos, Xos, Xos, Xos, Xos, Xos, Xos, Xos, Xos, Xos, Xos, Xos, Xos, Xos, Xos, Xos, Xos, Xos, Xos, Xos, Xos, Urb, Xos, Xos, Xos, Xos, Xoc, Xos, Xos, Xos, Xos
Xu, Xu, Xu, Xu, Xu, Xu, Xu, Xu, Xu, Xu, Xu, Xu, Xu, Xos, Xu, Xu, Xu, Xu, Xu, Xu, Xu, Xos, Xu, Xu, Xu, Xu, Xu, Xu, Xu, Xu, Xu, Xu, Xu, Xu, Xu, Xu, Xu, Xu, Xu, Xu, Xu, Xu, Xu, Xu, Xu, Xu, Xu, Xu, Xu, Xu, Xu, Xu, Urb, Xu, Xu, Xu, Xu, Xos, Xu, Xu, Xu, Xu
Xu, Xu, Xu, Xu, Xu, Xu, Xu, Xu, Xu, Xu, Xu, Xu, Xos, Xu, Xu, Xu, Xu, Xu, Xu, Xu, Xu, Xu, Xu, Xu, Xu, Xu, Xu, Xu, Xu, Xu, Xos, Xu, Xu, Xu, Xu, Xu, Xu, Xos, Xos, Xos, Xos, Xos, Xos, Xu, Xos, Xos, Xu, Xu, Xos, Xos, Xos, Urb, Xos, Xos, Xos, Xu, Xu, Xu, Xu, Xu, Xu, Xu
Xu, Xu, Xu, Xu, Xu, Xu, Xu, Xu, Urb, Xu, Urb, Xos, Urb, Xos, Urb, Xu, Urb, Xu, Urb, Xu, Urb, Xu, Urb, Xos, Xos, Xu, Xos, Xu, Xos, Xos, Xu, Xu, Urb, Xos, Urb, Xos, Xos, Xu, Xu, Xos, Xos, Xos, Xos, Xos, Urb, Urb, Urb, Xos, Urb, Xos, Urb, Urb, Xos, Xos, Xos, Xos, Xos, Xu, Xu, Xu, Xu, Xu
Xu, Xos, Xos, Xos, Xos, Xos, Xos, Urb, Xos, Urb, Urb, Urb, Urb, Urb, Urb, Urb, Urb, Urb, Urb, Urb, Urb, Urb, Urb, Urb, Urb, Urb, Xos, Xos, Xu, Xos, Urb, Urb, Urb, Urb, Urb, Xos, Urb, Xos, Urb, Xu, Urb, Xos, Urb, Urb, Xos, Xu, Xos, Urb, Xos, Urb, Urb, Xos, Xos, Xos, Xos, Xos, Xos, Xos, Xu, Xu, Xu, Xos
Xu, Xos, Xos, Xos, Xos, Xos, Xos, Xos, Xos, Xos, Xos, Xos, Xos, Urb, Xos, Urb, Urb, Urb, Xu, Urb, Urb, Urb, Urb, Urb, Urb, Urb, Urb, Xos, Xos, Xos, Urb, Urb, Urb, Urb, Urb, Urb, Xos, Urb, Xos, Urb, Xos, Urb, Xos, Xos, Xos, Xu, Xos, Xos, Xos, Xos, Xos, Xos, Xos, Xos, Xos, Xos, Xos, Xos, Xu, Xu, Xu, Xos
Xos, Xos, Xos, Xos, Xos, Xos, Xos, Xos, Xos, Xos, Xos, Xos, Xos, Xos, Xos, Xos, Xos, Xos, Xos, Xos, Xos, Urb, Xos, Urb, Urb, Urb, Urb, Xos, Xos, Urb, Urb, Urb, Urb, Urb, Urb, Urb, Xos, Xos, Xos, Xos, Xos, Xu, Xu, Xos, Xos, Xu, Xos, Xos, Xos, Xos, Xos, Xos, Xos, Xos, Xos, Xos, Xos, Xos, Xu, Xu, Xu, Xos
Xos, Xos, Xos, Xos, Xos, Xos, Xos, Xos, Xos, Xos, Xos, Xos, Xos, Xos, Xos, Xos, Xos, Xos, Xos, Xu, Xos, Xos, Xu, Xos, Urb, Urb, Urb, Xos, Urb, Xos, Urb, Urb, Urb, Urb, Xu, Xos, Xos, Xos, Xos, Xos, Xu, Xu, Xos, Xos, Xos, Xu, Xu, Xos, Xos, Xos, Xos, Xos, Xos, Xos, Xos, Xos, Xu, Xu, Xos, Xu, Xu, Xu
Xos, Xu, Xos, Xos, Xoc, Xoc, Xos, Xos, Xos, Xos, Xos, Xos, Xos, Xos, Xos, Xos, Xos, Xos, Xos, Xos, Xu, Xos, Xos, Xos, Xos, Urb, Urb, Urb, Urb, Urb, Urb, Urb, Xos, Xu, Xu, Xu, Xos, Xos, Xu, Xu, Xos, Xu, Xos, Xos, Xos, Xos, Xos, Xu, Xu, Xos, Xos, Xos, Xos, Xos, Xu, Xu, Xos, Xos, Xos, Xu, Xu, Xu
Xos, Xos, Xos, Xos, Xos, Xos, Xos, Xos, Xos, Xos, Xos, Xos, Xos, Xos, Xos, Xos, Xos, Xos, Xos, Xos, Xos, Xos, Xos, Xos, Xos, Xos, Urb, Urb, Urb, Urb, Xos, Xos, Xos, Xos, Xos, Xos, Xos, Xos, Xos, Xos, Xos, Xos, Xos, Xos, Xos, Xos, Xos, Xos, Xos, Xos, Xos, Xos, Xos, Xos, Xos, Xos, Xos, Xos, Xos, Xos, Xos, Xos
Xos, Xos, Xos, Xos, Xos, Xos, Xos, Xos, Xos, Xos, Xos, Xos, Xos, Xos, Xos, Xos, Xos, Xos, Xos, Xos, Xos, Xos, Xos, Xos, Xos, Xos, Urb, Urb, Urb, Xos, Xos, Xos, Xos, Xos, Xos, Xos, Xos, Xos, Xos, Xos, Xos, Xos, Xos, Xos, Xos, Xos, Xos, Xos, Xos, Xos, Xos, Xos, Xos, Xos, Xos, Xos, Xos, Xos, Xos, Xos, Xos, Xos
Xos, Xos, Xos, Xos, Xos, Xos, Xos, Xos, Xos, Xos, Xos, Xos, Xos, Xos, Xos, Xos, Xos, Xos, Xos, Xos, Xos, Xos, Xos, Xos, Xos, Xos, Xos, Urb, Urb, Xos, Xos, Xos, Xos, Xos, Xos, Xos, Xos, Xos, Xos, Xos, Xos, Xos, Xos, Xos, Xos, Xos, Xos, Xos, Xos, Xos, Xos, Xos, Xos, Xos, Xos, Xos, Xos, Xos, Xos, Xos, Xos, Xos
Xos, Xos, Xos, Xos, Xos, Xos, Xos, Xos, Xos, Xos, Xos, Xos, Xos, Xos, Xos, Xos, Xos, Xos, Xos, Xos, Xos, Xos, Xos, Xos, Xos, Xos, Urb, Urb, Xos, Xos, Xos, Xos, Xos, Xos, Xos, Xos, Xos, Xos, Xos, Xos, Xos, Xos, Xos, Xos, Xos, Xos, Xos, Xos, Xos, Xos, Xos, Xos, Xos, Xos, Xos, Xos, Xos, Xos, Xos, Xos, Xos, Xos
Xos, Xos, Xos, Xos, Xos, Xos, Xos, Xos, Xos, Xos, Xos, Xos, Xos, Xos, Xos, Xos, Xos, Xos, Xos, Xos, Xos, Xos, Xos, Xos, Xos, Xos, Urb, Urb, Xos, Xos, Xos, Xos, Xos, Xos, Xos, Xos, Xos, Xos, Xos, Xos, Xos, Xos, Xos, Xos, Xos, Xos, Xos, Xos, Xos, Xos, Xos, Xos, Xos, Xos, Xos, Xos, Xos, Xos, Xos, Xos, Xos, Xos
Xos, Xos, Xos, Xos, Xos, Xos, Xos, Xos, Xos, Xos, Xos, Xos, Xos, Xos, Xos, Xos, Xos, Xos, Xos, Xos, Xos, Xos, Xos, Xos, Xos, Xos, Urb, Xos, Xos, Xos, Xos, Xos, Xos, Xos, Xos, Xos, Xos, Xos, Xos, Xos, Xos, Xos, Xos, Xos, Xos, Xos, Xos, Xos, Xos, Xos, Xos, Xos, Xos, Xos, Xos, Xos, Xos, Xos, Xos, Xos, Xos, Xos
Xos, Xos, Xos, Xos, Xos, Xos, Xos, Xos, Xos, Xos, Xos, Xos, Xos, Xos, Xos, Xos, Xos, Xos, Xos, Xos, Xos, Xos, Xos, Xos, Xos, Xos, Xos, Xos, Xos, Xos, Xos, Xos, Xos, Xos, Xos, Xos, Xos, Xos, Xos, Xos, Xos, Xos, Xos, Xos, Xos, Xos, Xos, Xos, Xos, Xos, Xos, Xos, Xos, Xos, Xos, Xos, Xos, Xos, Xos, Xos, Xos, Xos
Xos, Xos, Xos, Xos, Xos, Xos, Xos, Xos, Xos, Xos, Xos, Xos, Xos, Xos, Xos, Xos, Xos, Xos, Xos, Xos, Xos, Xos, Xos, Xos, Xos, Xos, Xos, Xos, Xos, Xos, Xos, Xos, Xos, Xos, Xos, Xos, Xos, Xos, Xos, Xos, Xos, Xos, Xos, Xos, Xos, Xos, Xos, Xos, Xos, Xos, Xos, Xos, Xos, Xos, Xos, Xos, Xos, Xos, Xos, Xos, Xos, Xos
Xos, Xos, Xos, Xos, Xos, Xos, Xos, Xos, Xos, Xos, Xos, Xos, Xos, Xos, Xos, Xos, Xos, Xos, Xos, Xos, Xos, Xos, Xos, Xos, Xos, Xos, Xos, Xos, Xos, Xos, Xos, Xos, Xos, Xos, Xos, Xos, Xos, Xos, Xos, Xos, Xos, Xos, Xos, Xos, Xos, Xos, Xos, Xos, Xos, Xos, Xos, Xos, Xos, Xos, Xos, Xos, Xos, Xos, Xos, Xos, Xos, Xos
